---
source: tui/src/chatwidget/tests/usage.rs
expression: "states.join(\"\\n---\\n\")"
---
  Usage limit resets
  Checking your available resets...

›    Loading...

  Press enter to confirm or esc to go back
---
  Usage limit resets
  You have 2 usage limit resets available.

  1. Use a reset  Reset your current 5-hour and weekly usage limits.
› 2. Cancel

  Press enter to confirm or esc to go back
---
  Usage limit resets
  You don't have any usage limit resets available.

› 1. Close

  Press enter to confirm or esc to go back
---
  Usage limit resets
  Couldn't load usage limit resets. Please try again.

› 1. Close

  Press enter to confirm or esc to go back
---
  Usage limit resets
  Resetting your usage...

›    Using a reset...
---
  Usage limit resets
  Couldn't reset usage. Please try again.

› 1. Try again
  2. Close

  Press enter to confirm or esc to go back
---
  Usage limit resets
  Your usage does not need a reset right now.

› 1. Close

  Press enter to confirm or esc to go back
---
  Usage limit resets
  No usage limit resets are available.

› 1. Close

  Press enter to confirm or esc to go back
---
  Usage limit resets
  Usage reset. Checking your remaining resets...

›    Refreshing...
---
  Usage limit resets
  Usage reset. You have 1 usage limit reset left.

› 1. Close

  Press enter to confirm or esc to go back
