---
source: tui/src/chatwidget/tests/status_and_layout.rs
expression: "rendered_cases.join(\"\\n---\\n\")"
---
■ You're out of credits. Your workspace is out of credits. Add credits to continue using Codex.

---
■ Usage limit reached. You've reached your usage limit. Increase your limits to continue using codex.
