---
source: tui/src/chatwidget/tests/status_and_layout.rs
expression: snapshot
---
"                                                                                "
"• Working (0s • esc to interrupt)                                               "
"                                                                                "
"                                                                                "
"› Ask Codex to do anything                                                      "
"                                                                                "
"  gpt-5.5 default · /tmp/project                  Goal paused (/goal resume)    "
