---
source: tui/src/history_cell.rs
expression: rendered
---
/mcp

🔌  MCP Tools

  • docs
    • Status: enabled
    • Auth: Unsupported
    • Command: docs-server
    • Env: TOKEN=*****, APP_TOKEN=*****
    • Tools: list
    • Resources: (none)
    • Resource templates: (none)

  • http
    • Status: enabled
    • Auth: Unsupported
    • URL: https://example.com/mcp
    • HTTP headers: Authorization=*****
    • Env HTTP headers: X-API-Key=API_KEY_ENV
    • Tools: ping
    • Resources: (none)
    • Resource templates: (none)
